=== SCUS_942.21 / low ===
openjdk version "26.0.1" 2026-04-21
OpenJDK Runtime Environment (build 26.0.1)
OpenJDK 64-Bit Server VM (build 26.0.1, mixed mode)
INFO  Using log config file: jar:file:/opt/ghidra/Ghidra/Framework/Generic/lib/Generic.jar!/generic.log4j.xml (LoggingInitialization)  
INFO  Using log file: /home/curry/.config/ghidra/ghidra_12.0.4_DEV/application.log (LoggingInitialization)  
INFO  Loading user preferences: /home/curry/.config/ghidra/ghidra_12.0.4_DEV/preferences (Preferences)  
INFO  Loading previous preferences: /home/curry/.config/ghidra/ghidra_11.4.2_DEV/preferences (Preferences)  
INFO  Searching for classes... (ClassSearcher)  
INFO  Class search complete (781 ms) (ClassSearcher)  
INFO  Initializing SSL Context (DefaultSSLContextInitializer)  
INFO  Initializing Random Number Generator... (SecureRandomFactory)  
INFO  Random Number Generator initialization complete: NativePRNGNonBlocking (SecureRandomFactory)  
INFO  Trust manager disabled, cacerts have not been set (DefaultTrustManagerFactory)  
INFO  Headless startup complete (1559 ms) (AnalyzeHeadless)  
INFO  Class searcher loaded 58 extension points (18 false positives) (ClassSearcher)  
WARNING: A terminally deprecated method in sun.misc.Unsafe has been called
WARNING: sun.misc.Unsafe::staticFieldOffset has been called by org.apache.felix.framework.util.SecureAction (file:/opt/ghidra/Ghidra/Features/Base/lib/org.apache.felix.framework-7.0.5.jar)
WARNING: Please consider reporting this to the maintainers of class org.apache.felix.framework.util.SecureAction
WARNING: sun.misc.Unsafe::staticFieldOffset will be removed in a future release
INFO  HEADLESS Script Paths:
    /opt/ghidra/Ghidra/Features/GnuDemangler/ghidra_scripts
    /opt/ghidra/Ghidra/Processors/JVM/ghidra_scripts
    /opt/ghidra/Ghidra/Debug/Debugger-rmi-trace/ghidra_scripts
    /opt/ghidra/Ghidra/Features/MicrosoftCodeAnalyzer/ghidra_scripts
    /opt/ghidra/Ghidra/Features/VersionTracking/ghidra_scripts
    /opt/ghidra/Ghidra/Features/PyGhidra/ghidra_scripts
    /opt/ghidra/Ghidra/Features/SwiftDemangler/ghidra_scripts
    /opt/ghidra/Ghidra/Processors/Atmel/ghidra_scripts
    /opt/ghidra/Ghidra/Debug/Debugger/ghidra_scripts
    /opt/ghidra/Ghidra/Features/Decompiler/ghidra_scripts
    /opt/ghidra/Ghidra/Features/FunctionID/ghidra_scripts
    /opt/ghidra/Ghidra/Processors/PIC/ghidra_scripts
    /opt/ghidra/Ghidra/Features/BSim/ghidra_scripts
    /opt/ghidra/Ghidra/Features/BytePatterns/ghidra_scripts
    /opt/ghidra/Ghidra/Features/SystemEmulation/ghidra_scripts
    /opt/ghidra/Ghidra/Features/WildcardAssembler/ghidra_scripts
    /opt/ghidra/Ghidra/Processors/DATA/ghidra_scripts
    /opt/ghidra/Ghidra/Features/DecompilerDependent/ghidra_scripts
    /opt/ghidra/Ghidra/Features/Jython/ghidra_scripts
    /opt/ghidra/Ghidra/Features/Base/ghidra_scripts
    /home/curry/fft-monorepo/fft-ghidra/tools
    /opt/ghidra/Ghidra/Features/PDB/ghidra_scripts
    /opt/ghidra/Ghidra/Processors/8051/ghidra_scripts
    /home/curry/ghidra_scripts
    /opt/ghidra/Ghidra/Features/FileFormats/ghidra_scripts (HeadlessAnalyzer)  
INFO  HEADLESS: execution starts (HeadlessAnalyzer)  
INFO  Opening existing project: /home/curry/fft-monorepo/project-assets/fft-ghidra (HeadlessAnalyzer)  
INFO  Opening project: /home/curry/fft-monorepo/project-assets/fft-ghidra (HeadlessProject)  
INFO  REPORT: Processing project file: /SCUS_942.21 (HeadlessAnalyzer)  
INFO  REPORT: Execute script: apply_renames_low.py  (HeadlessAnalyzer)  
INFO  SCRIPT: /home/curry/fft-monorepo/fft-ghidra/tools/apply_renames_low.py (HeadlessAnalyzer)  
INFO  apply_renames_low.py> [LOW] loaded renames_low.tsv (0 rows) (GhidraScript)  
INFO  apply_renames_low.py> [LOW] loaded renames_low_sound.tsv (42 rows) (GhidraScript)  
INFO  apply_renames_low.py> [LOW] SKIP_MID_INSTR 0x80017340 inside 'FUN_80017118' (wanted 'pitch_bias_add') (GhidraScript)  
INFO  apply_renames_low.py> [LOW] SKIP_MID_INSTR 0x800177a8 inside 'pitch_accum_callback' (wanted 'pitch_accum_step') (GhidraScript)  
INFO  apply_renames_low.py> [LOW] PLATE 0x800290d8 (GhidraScript)  
INFO  apply_renames_low.py> [LOW] DONE program=SCUS_942.21 tag=SCUS rows_total=42 rows_matched=41 (GhidraScript)  
INFO  REPORT: Save succeeded for processed file: /SCUS_942.21 (HeadlessAnalyzer)  
=== SCUS_942.21 / high ===
openjdk version "26.0.1" 2026-04-21
OpenJDK Runtime Environment (build 26.0.1)
OpenJDK 64-Bit Server VM (build 26.0.1, mixed mode)
INFO  Using log config file: jar:file:/opt/ghidra/Ghidra/Framework/Generic/lib/Generic.jar!/generic.log4j.xml (LoggingInitialization)  
INFO  Using log file: /home/curry/.config/ghidra/ghidra_12.0.4_DEV/application.log (LoggingInitialization)  
INFO  Loading user preferences: /home/curry/.config/ghidra/ghidra_12.0.4_DEV/preferences (Preferences)  
INFO  Loading previous preferences: /home/curry/.config/ghidra/ghidra_11.4.2_DEV/preferences (Preferences)  
INFO  Searching for classes... (ClassSearcher)  
INFO  Class search complete (920 ms) (ClassSearcher)  
INFO  Initializing SSL Context (DefaultSSLContextInitializer)  
INFO  Initializing Random Number Generator... (SecureRandomFactory)  
INFO  Random Number Generator initialization complete: NativePRNGNonBlocking (SecureRandomFactory)  
INFO  Trust manager disabled, cacerts have not been set (DefaultTrustManagerFactory)  
INFO  Headless startup complete (1823 ms) (AnalyzeHeadless)  
INFO  Class searcher loaded 58 extension points (18 false positives) (ClassSearcher)  
WARNING: A terminally deprecated method in sun.misc.Unsafe has been called
WARNING: sun.misc.Unsafe::staticFieldOffset has been called by org.apache.felix.framework.util.SecureAction (file:/opt/ghidra/Ghidra/Features/Base/lib/org.apache.felix.framework-7.0.5.jar)
WARNING: Please consider reporting this to the maintainers of class org.apache.felix.framework.util.SecureAction
WARNING: sun.misc.Unsafe::staticFieldOffset will be removed in a future release
INFO  HEADLESS Script Paths:
    /opt/ghidra/Ghidra/Features/GnuDemangler/ghidra_scripts
    /opt/ghidra/Ghidra/Processors/JVM/ghidra_scripts
    /opt/ghidra/Ghidra/Debug/Debugger-rmi-trace/ghidra_scripts
    /opt/ghidra/Ghidra/Features/MicrosoftCodeAnalyzer/ghidra_scripts
    /opt/ghidra/Ghidra/Features/VersionTracking/ghidra_scripts
    /opt/ghidra/Ghidra/Features/PyGhidra/ghidra_scripts
    /opt/ghidra/Ghidra/Features/SwiftDemangler/ghidra_scripts
    /opt/ghidra/Ghidra/Processors/Atmel/ghidra_scripts
    /opt/ghidra/Ghidra/Debug/Debugger/ghidra_scripts
    /opt/ghidra/Ghidra/Features/Decompiler/ghidra_scripts
    /opt/ghidra/Ghidra/Features/FunctionID/ghidra_scripts
    /opt/ghidra/Ghidra/Processors/PIC/ghidra_scripts
    /opt/ghidra/Ghidra/Features/BSim/ghidra_scripts
    /opt/ghidra/Ghidra/Features/BytePatterns/ghidra_scripts
    /opt/ghidra/Ghidra/Features/SystemEmulation/ghidra_scripts
    /opt/ghidra/Ghidra/Features/WildcardAssembler/ghidra_scripts
    /opt/ghidra/Ghidra/Processors/DATA/ghidra_scripts
    /opt/ghidra/Ghidra/Features/DecompilerDependent/ghidra_scripts
    /opt/ghidra/Ghidra/Features/Jython/ghidra_scripts
    /opt/ghidra/Ghidra/Features/Base/ghidra_scripts
    /home/curry/fft-monorepo/fft-ghidra/tools
    /opt/ghidra/Ghidra/Features/PDB/ghidra_scripts
    /opt/ghidra/Ghidra/Processors/8051/ghidra_scripts
    /home/curry/ghidra_scripts
    /opt/ghidra/Ghidra/Features/FileFormats/ghidra_scripts (HeadlessAnalyzer)  
INFO  HEADLESS: execution starts (HeadlessAnalyzer)  
INFO  Opening existing project: /home/curry/fft-monorepo/project-assets/fft-ghidra (HeadlessAnalyzer)  
INFO  Opening project: /home/curry/fft-monorepo/project-assets/fft-ghidra (HeadlessProject)  
INFO  REPORT: Processing project file: /SCUS_942.21 (HeadlessAnalyzer)  
INFO  REPORT: Execute script: apply_renames_high.py  (HeadlessAnalyzer)  
INFO  SCRIPT: /home/curry/fft-monorepo/fft-ghidra/tools/apply_renames_high.py (HeadlessAnalyzer)  
INFO  apply_renames_high.py> [HIGH] loaded renames_high.tsv (141 rows) (GhidraScript)  
INFO  apply_renames_high.py> [HIGH] loaded renames_high_sound.tsv (36 rows) (GhidraScript)  
INFO  apply_renames_high.py> [HIGH] SKIP_MID_INSTR 0x8001b9f4 inside 'Hyp_walker_helper_flag_0x40' (wanted 'rsin') (GhidraScript)  
INFO  apply_renames_high.py> [HIGH] OVERRIDE: 0x800290d8 low='pitch_lookup_table_base' -> high='PITCH_LOOKUP_TABLE' (GhidraScript)  
INFO  apply_renames_high.py> [HIGH] GL 0x800290d8 pitch_lookup_table_base -> PITCH_LOOKUP_TABLE (GhidraScript)  
INFO  apply_renames_high.py> [HIGH] PLATE 0x800290d8 (GhidraScript)  
INFO  apply_renames_high.py> [HIGH] DONE program=SCUS_942.21 tag=SCUS rows_total=177 rows_matched=47 (GhidraScript)  
INFO  REPORT: Save succeeded for processed file: /SCUS_942.21 (HeadlessAnalyzer)  
=== SCUS_942.21 / labels ===
openjdk version "26.0.1" 2026-04-21
OpenJDK Runtime Environment (build 26.0.1)
OpenJDK 64-Bit Server VM (build 26.0.1, mixed mode)
INFO  Using log config file: jar:file:/opt/ghidra/Ghidra/Framework/Generic/lib/Generic.jar!/generic.log4j.xml (LoggingInitialization)  
INFO  Using log file: /home/curry/.config/ghidra/ghidra_12.0.4_DEV/application.log (LoggingInitialization)  
INFO  Loading user preferences: /home/curry/.config/ghidra/ghidra_12.0.4_DEV/preferences (Preferences)  
INFO  Loading previous preferences: /home/curry/.config/ghidra/ghidra_11.4.2_DEV/preferences (Preferences)  
INFO  Searching for classes... (ClassSearcher)  
INFO  Class search complete (870 ms) (ClassSearcher)  
INFO  Initializing SSL Context (DefaultSSLContextInitializer)  
INFO  Initializing Random Number Generator... (SecureRandomFactory)  
INFO  Random Number Generator initialization complete: NativePRNGNonBlocking (SecureRandomFactory)  
INFO  Trust manager disabled, cacerts have not been set (DefaultTrustManagerFactory)  
INFO  Headless startup complete (1643 ms) (AnalyzeHeadless)  
INFO  Class searcher loaded 58 extension points (18 false positives) (ClassSearcher)  
WARNING: A terminally deprecated method in sun.misc.Unsafe has been called
WARNING: sun.misc.Unsafe::staticFieldOffset has been called by org.apache.felix.framework.util.SecureAction (file:/opt/ghidra/Ghidra/Features/Base/lib/org.apache.felix.framework-7.0.5.jar)
WARNING: Please consider reporting this to the maintainers of class org.apache.felix.framework.util.SecureAction
WARNING: sun.misc.Unsafe::staticFieldOffset will be removed in a future release
INFO  HEADLESS Script Paths:
    /opt/ghidra/Ghidra/Features/GnuDemangler/ghidra_scripts
    /opt/ghidra/Ghidra/Processors/JVM/ghidra_scripts
    /opt/ghidra/Ghidra/Debug/Debugger-rmi-trace/ghidra_scripts
    /opt/ghidra/Ghidra/Features/MicrosoftCodeAnalyzer/ghidra_scripts
    /opt/ghidra/Ghidra/Features/VersionTracking/ghidra_scripts
    /opt/ghidra/Ghidra/Features/PyGhidra/ghidra_scripts
    /opt/ghidra/Ghidra/Features/SwiftDemangler/ghidra_scripts
    /opt/ghidra/Ghidra/Processors/Atmel/ghidra_scripts
    /opt/ghidra/Ghidra/Debug/Debugger/ghidra_scripts
    /opt/ghidra/Ghidra/Features/Decompiler/ghidra_scripts
    /opt/ghidra/Ghidra/Features/FunctionID/ghidra_scripts
    /opt/ghidra/Ghidra/Processors/PIC/ghidra_scripts
    /opt/ghidra/Ghidra/Features/BSim/ghidra_scripts
    /opt/ghidra/Ghidra/Features/BytePatterns/ghidra_scripts
    /opt/ghidra/Ghidra/Features/SystemEmulation/ghidra_scripts
    /opt/ghidra/Ghidra/Features/WildcardAssembler/ghidra_scripts
    /opt/ghidra/Ghidra/Processors/DATA/ghidra_scripts
    /opt/ghidra/Ghidra/Features/DecompilerDependent/ghidra_scripts
    /opt/ghidra/Ghidra/Features/Jython/ghidra_scripts
    /opt/ghidra/Ghidra/Features/Base/ghidra_scripts
    /home/curry/fft-monorepo/fft-ghidra/tools
    /opt/ghidra/Ghidra/Features/PDB/ghidra_scripts
    /opt/ghidra/Ghidra/Processors/8051/ghidra_scripts
    /home/curry/ghidra_scripts
    /opt/ghidra/Ghidra/Features/FileFormats/ghidra_scripts (HeadlessAnalyzer)  
INFO  HEADLESS: execution starts (HeadlessAnalyzer)  
INFO  Opening existing project: /home/curry/fft-monorepo/project-assets/fft-ghidra (HeadlessAnalyzer)  
INFO  Opening project: /home/curry/fft-monorepo/project-assets/fft-ghidra (HeadlessProject)  
INFO  REPORT: Processing project file: /SCUS_942.21 (HeadlessAnalyzer)  
INFO  REPORT: Execute script: fft_apply_labels.py '/home/curry/fft-monorepo/fft-ghidra/content/labels_scus.tsv'  (HeadlessAnalyzer)  
INFO  SCRIPT: /home/curry/fft-monorepo/fft-ghidra/tools/fft_apply_labels.py (HeadlessAnalyzer)  
======================================================================
FFT label applicator
Program: SCUS_942.21
TSV:     /home/curry/fft-monorepo/fft-ghidra/content/labels_scus.tsv
======================================================================
Loaded 59 label entries from TSV.

0x8001ACF0  function  spu_kon_koff_dispatcher                   [FAIL_COUNT]
  fn: RENAMED (from Hyp_walker_spu_stage_helper)
  pre_comment: SET
0x8001B428  function  spu_write_voice_vol                       [PAIR]
  fn: RENAMED (from spu_write_voice_volume_no_sweep)
  pre_comment: SET
0x8001B4B0  function  spu_write_voice_vol_sweep                 [PAIR]
  fn: RENAMED (from spu_write_voice_volume_sweep)
  pre_comment: SET
0x8001B628  function  spu_write_voice_pitch                     [PAIR]
  fn: REFRESHED_PLATE
  pre_comment: SET
0x8001B6A4  function  spu_write_voice_sample_start_addr         [PAIR]
  fn: RENAMED (from spu_write_voice_start_addr)
  pre_comment: SET
0x8001B720  function  spu_write_voice_sample_repeat_addr        [PAIR]
  fn: RENAMED (from spu_write_voice_repeat_addr)
  pre_comment: SET
0x8001B79C  function  spu_write_voice_adsr1_mid                 [PAIR]
  fn: RENAMED (from spu_write_voice_adsr1_mid_nibble)
  pre_comment: SET
0x8001B8B0  function  spu_write_voice_adsr1_low                 [PAIR]
  fn: RENAMED (from adsr1_low_nibble_apply)
  pre_comment: SET
0x8001B938  function  spu_write_voice_adsr1_high                [PAIR]
  fn: RENAMED (from spu_write_voice_adsr1_high_byte)
  pre_comment: SET
0x8001B9D4  function  spu_write_voice_adsr2                     [PAIR]
  fn: RENAMED (from Hyp_walker_helper_flag_0x40)
0x8001BAB8  function  spu_write_voice_adsr2_low                 [PAIR_DRIFT]
  fn: RENAMED (from spu_write_voice_adsr2_low_bits)
0x8001BA54  label  adsr2_sh_site                             [PAIR]
  label: LABEL_CREATED
  pre_comment: SET
0x8001BAF8  label  adsr2_low_sh_site                         [PAIR_DRIFT]
  label: LABEL_CREATED
  pre_comment: SET
0x800149DC  function  rcnt2_cadence_source                      [PAIR]
  fn: RENAMED (from spu_updater_tick)
  pre_comment: SET
0x80017118  function  fft_walker_per_channel                    [PAIR]
  fn: RENAMED (from FUN_80017118)
  pre_comment: SET
0x80017194  label  walker_iter_body                          [PAIR]
  label: LABEL_CREATED
  pre_comment: SET
0x800173B8  label  walker_chan_clear                         [FAIL_VALUES]
  label: LABEL_CREATED
  pre_comment: SET
0x80014660  label  walker_flag_word_entry                    [PAIR_DRIFT]
  label: LABEL_CREATED
  pre_comment: SET
0x80014BBC  label  per_entity_iter_site                      [PAIR]
  label: LABEL_CREATED
  pre_comment: SET
0x80014BCC  label  per_entity_pass_site                      [PAIR]
  label: LABEL_CREATED
  pre_comment: SET
0x80014CCC  label  spu_slot_loop_site                        [PAIR]
  label: LABEL_CREATED
  pre_comment: SET
0x80015198  label  per_channel_tick_entry_site               [PAIR]
  label: LABEL_CREATED
  pre_comment: SET
0x80015300  label  per_channel_tick_exit_site                [PAIR]
  label: LABEL_CREATED
  pre_comment: SET
0x800151E4  label  portamento_a2_wrap_site                   [PAIR]
  label: LABEL_CREATED
  pre_comment: SET
0x800151FC  label  expression_ramp_site                      [PAIR]
  label: LABEL_CREATED
  pre_comment: SET
0x8001526C  label  portamento_a4_wrap_site                   [PAIR]
  label: LABEL_CREATED
  pre_comment: SET
0x800153A4  label  event_dispatch_site                       [PAIR]
  label: LABEL_CREATED
  pre_comment: SET
0x80015428  label  note_handler_site                         [PAIR]
  label: LABEL_CREATED
  pre_comment: SET
0x80015494  label  note_post_state_site                      [PAIR]
  label: LABEL_CREATED
  pre_comment: SET
0x80015524  label  slur_propagation_pre_site                 [FAIL_COUNT]
  label: LABEL_CREATED
  pre_comment: SET
0x80015530  label  slur_propagation_site                     [PAIR]
  label: LABEL_CREATED
  pre_comment: SET
0x800157F0  label  vol_prestage_lfo_site                     [PAIR]
  label: LABEL_CREATED
  pre_comment: SET
0x80015874  function  smd_op_rest                               [PAIR]
  fn: RENAMED (from smd_rest)
0x800158F8  function  smd_op_end_bar                            [PAIR]
  fn: RENAMED (from smd_end_bar)
0x800159F0  function  smd_op_octave                             [PAIR]
  fn: RENAMED (from smd_octave)
0x80015A28  function  smd_op_lower_octave                       [PAIR]
  fn: RENAMED (from smd_lower_octave)
0x80015AB8  function  smd_op_repeat                             [PAIR]
  fn: RENAMED (from smd_repeat)
0x80015B00  function  smd_op_coda                               [PAIR]
  fn: RENAMED (from smd_coda)
0x80015E30  function  smd_op_instrument_set                     [PAIR]
  fn: RENAMED (from FUN_80015e30)
0x80015EA8  function  smd_op_slur_on                            [PAIR]
  fn: CREATED
0x800160E4  function  smd_op_reverb_on                          [PAIR]
  fn: RENAMED (from smd_reverb_on)
0x800161E0  function  smd_op_ca_adsr2_sustain                   [PAIR]
  fn: RENAMED (from smd_release)
0x800162B4  function  smd_op_d0_pitch_bend_init                 [PAIR]
  fn: RENAMED (from smd_set_pitch_bend)
0x800162D8  function  smd_op_d1_pitch_bend_relative             [PAIR]
  fn: RENAMED (from smd_add_pitch_bend)
0x80016364  label  smd_op_d4_portamento_init_body            [PAIR]
  label: LABEL_CREATED
  pre_comment: SET
0x80016420  function  smd_op_d8_pitch_lfo_init                  [PAIR]
  fn: REFRESHED_PLATE
0x800164D4  function  smd_op_d9_lfo                             [PAIR]
  fn: RENAMED (from FUN_800164d4)
0x800165FC  label  smd_op_db_flag_clear_body                 [PAIR]
  label: LABEL_CREATED
  pre_comment: SET
0x80016614  function  smd_op_e0_dynamics                        [PAIR]
  fn: RENAMED (from smd_dynamics)
0x80016680  function  smd_op_e2_vol_scale                       [PAIR]
  fn: RENAMED (from smd_expression)
0x800175E0  label  lfo_chan_word_1_set_site                  [-]
  label: LABEL_CREATED
  pre_comment: SET
0x800176CC  label  lfo_swap_commit_site                      [PAIR]
  label: LABEL_CREATED
  pre_comment: SET
0x80017328  label  vol_staging_io_site                       [PAIR]
  label: LABEL_CREATED
  pre_comment: SET
0x80017368  label  pitch_staging_io_site                     [PAIR]
  label: LABEL_CREATED
  pre_comment: SET
0x800125C0  label  play_sound_call_site                      [PAIR]
  label: LABEL_CREATED
  pre_comment: SET
0x80014590  function  async_commit_walker_irq                   [-]
  fn: RENAMED (from async_commit_walker)
0x8001920C  function  spu_io_write_helper                       [-]
  fn: RENAMED (from FUN_8001920c)
0x80017690  function  pitch_lfo_callback_mode1_swap             [PAIR]
  fn: CREATED
0x800176E4  function  pitch_lfo_callback_mode2                  [-]
  fn: CREATED
()
======================================================================
Summary:
  label: {'LABEL_CREATED': 26, 'NOOP': 0, 'FAIL': 0}
  pre_comment: {'SET': 37, 'UNCHANGED': 0, 'SKIP': 0}
  function: {'RENAMED': 28, 'NOOP': 0, 'REFRESHED_PLATE': 2, 'CREATED': 3, 'FAIL': 0}
======================================================================
INFO  REPORT: Save succeeded for processed file: /SCUS_942.21 (HeadlessAnalyzer)  
=== SCUS_942.21 / comments ===
openjdk version "26.0.1" 2026-04-21
OpenJDK Runtime Environment (build 26.0.1)
OpenJDK 64-Bit Server VM (build 26.0.1, mixed mode)
INFO  Using log config file: jar:file:/opt/ghidra/Ghidra/Framework/Generic/lib/Generic.jar!/generic.log4j.xml (LoggingInitialization)  
INFO  Using log file: /home/curry/.config/ghidra/ghidra_12.0.4_DEV/application.log (LoggingInitialization)  
INFO  Loading user preferences: /home/curry/.config/ghidra/ghidra_12.0.4_DEV/preferences (Preferences)  
INFO  Loading previous preferences: /home/curry/.config/ghidra/ghidra_11.4.2_DEV/preferences (Preferences)  
INFO  Searching for classes... (ClassSearcher)  
INFO  Class search complete (837 ms) (ClassSearcher)  
INFO  Initializing SSL Context (DefaultSSLContextInitializer)  
INFO  Initializing Random Number Generator... (SecureRandomFactory)  
INFO  Random Number Generator initialization complete: NativePRNGNonBlocking (SecureRandomFactory)  
INFO  Trust manager disabled, cacerts have not been set (DefaultTrustManagerFactory)  
INFO  Headless startup complete (1622 ms) (AnalyzeHeadless)  
INFO  Class searcher loaded 58 extension points (18 false positives) (ClassSearcher)  
WARNING: A terminally deprecated method in sun.misc.Unsafe has been called
WARNING: sun.misc.Unsafe::staticFieldOffset has been called by org.apache.felix.framework.util.SecureAction (file:/opt/ghidra/Ghidra/Features/Base/lib/org.apache.felix.framework-7.0.5.jar)
WARNING: Please consider reporting this to the maintainers of class org.apache.felix.framework.util.SecureAction
WARNING: sun.misc.Unsafe::staticFieldOffset will be removed in a future release
INFO  HEADLESS Script Paths:
    /opt/ghidra/Ghidra/Features/GnuDemangler/ghidra_scripts
    /opt/ghidra/Ghidra/Processors/JVM/ghidra_scripts
    /opt/ghidra/Ghidra/Debug/Debugger-rmi-trace/ghidra_scripts
    /opt/ghidra/Ghidra/Features/MicrosoftCodeAnalyzer/ghidra_scripts
    /opt/ghidra/Ghidra/Features/VersionTracking/ghidra_scripts
    /opt/ghidra/Ghidra/Features/PyGhidra/ghidra_scripts
    /opt/ghidra/Ghidra/Features/SwiftDemangler/ghidra_scripts
    /opt/ghidra/Ghidra/Processors/Atmel/ghidra_scripts
    /opt/ghidra/Ghidra/Debug/Debugger/ghidra_scripts
    /opt/ghidra/Ghidra/Features/Decompiler/ghidra_scripts
    /opt/ghidra/Ghidra/Features/FunctionID/ghidra_scripts
    /opt/ghidra/Ghidra/Processors/PIC/ghidra_scripts
    /opt/ghidra/Ghidra/Features/BSim/ghidra_scripts
    /opt/ghidra/Ghidra/Features/BytePatterns/ghidra_scripts
    /opt/ghidra/Ghidra/Features/SystemEmulation/ghidra_scripts
    /opt/ghidra/Ghidra/Features/WildcardAssembler/ghidra_scripts
    /opt/ghidra/Ghidra/Processors/DATA/ghidra_scripts
    /opt/ghidra/Ghidra/Features/DecompilerDependent/ghidra_scripts
    /opt/ghidra/Ghidra/Features/Jython/ghidra_scripts
    /opt/ghidra/Ghidra/Features/Base/ghidra_scripts
    /home/curry/fft-monorepo/fft-ghidra/tools
    /opt/ghidra/Ghidra/Features/PDB/ghidra_scripts
    /opt/ghidra/Ghidra/Processors/8051/ghidra_scripts
    /home/curry/ghidra_scripts
    /opt/ghidra/Ghidra/Features/FileFormats/ghidra_scripts (HeadlessAnalyzer)  
INFO  HEADLESS: execution starts (HeadlessAnalyzer)  
INFO  Opening existing project: /home/curry/fft-monorepo/project-assets/fft-ghidra (HeadlessAnalyzer)  
INFO  Opening project: /home/curry/fft-monorepo/project-assets/fft-ghidra (HeadlessProject)  
INFO  REPORT: Processing project file: /SCUS_942.21 (HeadlessAnalyzer)  
INFO  REPORT: Execute script: apply_comments.py '/home/curry/fft-monorepo/fft-ghidra/content/comments_scus.jsonl'  (HeadlessAnalyzer)  
INFO  SCRIPT: /home/curry/fft-monorepo/fft-ghidra/tools/apply_comments.py (HeadlessAnalyzer)  
======================================================================
FFT comment applicator
Program: SCUS_942.21
JSONL:   /home/curry/fft-monorepo/fft-ghidra/content/comments_scus.jsonl
======================================================================
  0x80028FE8  PLATE  SKIP (marked)
  0x80029060  PLATE  SKIP (marked)
  0x800290D8  PLATE  SKIP (marked)
  0x80016974  PLATE  SKIP (marked)
  0x80016AF0  PLATE  SKIP (marked)
  0x80013D2C  PRE    SKIP (marked)
  0x80015488  PRE    SKIP (marked)
  0x800157AC  PRE    SKIP (marked)
  0x80017424  PLATE  SKIP (marked)
()
======================================================================
Summary: applied=0  skipped_marked=9  skipped_other_program=0  errors=0
======================================================================
INFO  REPORT: Save succeeded for processed file: /SCUS_942.21 (HeadlessAnalyzer)  
